// Jest Snapshot v1, https://goo.gl/fbAQLP

exports[`NavigationComponent should show email when currentUser$ 1`] = `
<app-navigation
  accountService={[Function AccountService]}
  activeLink={[Function String]}
  background="undefined"
  links={[Function Array]}
>
  <mat-toolbar
    class="mat-elevation-z2 mat-toolbar mat-primary mat-toolbar-single-row"
    color="primary"
  >
    <a
      class="title-link"
      href="/"
    >
       Local Library 
    </a>
    <span
      class="example-spacer"
    />
    
    
    <button
      aria-haspopup="true"
      class="mat-focus-indicator mat-menu-trigger mat-button mat-button-base"
      mat-button=""
    >
      <span
        class="mat-button-wrapper"
      >
        <mat-icon
          aria-hidden="true"
          class="mat-icon notranslate material-icons mat-icon-no-color"
          data-mat-icon-type="font"
          role="img"
        >
          person
        </mat-icon>
         Welcome demouser@microsoft.com 
      </span>
      <span
        class="mat-button-ripple mat-ripple"
        matripple=""
      />
      <span
        class="mat-button-focus-overlay"
      />
    </button>
    <mat-menu>
      
    </mat-menu>
    
  </mat-toolbar>
</app-navigation>
`;

exports[`NavigationComponent should show login/register when no currentUser$ 1`] = `
<app-navigation
  accountService={[Function AccountService]}
  activeLink={[Function String]}
  background="undefined"
  links={[Function Array]}
>
  <mat-toolbar
    class="mat-elevation-z2 mat-toolbar mat-primary mat-toolbar-single-row"
    color="primary"
  >
    <a
      class="title-link"
      href="/"
    >
       Local Library 
    </a>
    <span
      class="example-spacer"
    />
    
    <mat-nav-list
      class="navigation mat-nav-list mat-list-base"
      role="navigation"
    >
      <mat-list-item
        class="navigation-list mat-list-item mat-focus-indicator"
      >
        <div
          class="mat-list-item-content"
        >
          <div
            class="mat-list-item-ripple mat-ripple"
            mat-ripple=""
          />
          <div
            class="mat-list-text"
          >
            <a
              class="mat-line"
              href="/login"
              matline=""
              routerlinkactive="active"
            >
              Login
            </a>
          </div>
        </div>
      </mat-list-item>
      <mat-list-item
        class="navigation-list mat-list-item mat-focus-indicator"
      >
        <div
          class="mat-list-item-content"
        >
          <div
            class="mat-list-item-ripple mat-ripple"
            mat-ripple=""
          />
          <div
            class="mat-list-text"
          >
            <a
              class="mat-line"
              href="/register"
              matline=""
              routerlinkactive="active"
            >
              Register
            </a>
          </div>
        </div>
      </mat-list-item>
    </mat-nav-list>
    
  </mat-toolbar>
</app-navigation>
`;
